*** EVALUATION ***
PROGRAM "C:\Users\juwait00\Downloads\CA3_Samples\CA3_Samples\BlinkingLedsAsm\bin\Simulator.abs"

*********************************************************************************************
TARGET SECTION
---------------------------------------------------------------------------------------------
Processor   : Freescale HC12
Memory Model: SMALL
File Format : ELF\DWARF 2.0
Linker      : SmartLinker V-5.0.40 Build 10203, Jul 23 2010

*********************************************************************************************
FILE SECTION
---------------------------------------------------------------------------------------------
main.asm.o                              Model: SMALL,         Lang: Assembler
delay.asm.o                             Model: SMALL,         Lang: Assembler
string_util.asm.o                       Model: SMALL,         Lang: Assembler

*********************************************************************************************
STARTUP SECTION
---------------------------------------------------------------------------------------------
Entry point: 0xC000 (Entry)

*********************************************************************************************
SECTION-ALLOCATION SECTION
Section Name                    Size  Type     From       To       Segment
---------------------------------------------------------------------------------------------
.init                            189     R     0xC000     0xC0BC   ROM_C000
.data                             34   R/W     0x1000     0x1021   RAM
.const                            15     R     0xC0BD     0xC0CB   ROM_C000
.stack                           256   R/W     0x1022     0x1121   RAM
.vectSeg0_vect                     2     R     0xFFFE     0xFFFF   .vectSeg0

Summary of section sizes per section type:
READ_ONLY (R):          CE (dec:      206)
READ_WRITE (R/W):      122 (dec:      290)

*********************************************************************************************
VECTOR-ALLOCATION SECTION
    Address     InitValue   InitFunction
---------------------------------------------------------------------------------------------
     0xFFFE        0xC000   Entry

*********************************************************************************************
OBJECT-ALLOCATION SECTION
     Name               Module                 Addr   hSize   dSize     Ref    Section   RLIB
---------------------------------------------------------------------------------------------
MODULE:                 -- main.asm.o --
- PROCEDURES:
     Entry                                     C000      4F      79       0   .init       
     main                                      C000       0       0       0   .init       
     loop                                      C04F      11      17       0   .init       
- VARIABLES:
     zahl                                      1000       2       2       2   .data       
     zahl2                                     1002       2       2       2   .data       
     string2                                   1004       E      14       0   .data       
     copytarget                                1012      10      16       3   .data       
     string                                    C0BD       F      15       2   .const      
- LABELS:
     __SEG_END_SSTACK                          1122       0       0       1               
     IMAX                                       800       0       0       2   .text       
MODULE:                 -- delay.asm.o --
- PROCEDURES:
     delay_500ms                               C060       3       3       1   .init       
     waitO                                     C063       3       3       0   .init       
     waitI                                     C066       7       7       0   .init       
     add2zahlen                                C06D       2       2       1   .init       
- VARIABLES:
MODULE:                 -- string_util.asm.o --
- PROCEDURES:
     string_durchlauf                          C06F       7       7       0   .init       
     string_durchlauf2                         C076       8       8       0   .init       
     return                                    C07E       1       1       0   .init       
     to_upper                                  C07F      16      22       1   .init       
     copy_string                               C095       C      12       1   .init       
     return_copy                               C0A1       5       5       0   .init       
     copy_string_stack                         C0A6       4       4       1   .init       
     loop                                      C0AA       C      12       0   .init       
     return_copy_stack                         C0B6       7       7       0   .init       
- VARIABLES:

*********************************************************************************************
MODULE STATISTIC
  Name                                      Data   Code  Const
---------------------------------------------------------------------------------------------
  main.asm.o                                  34     96     15
  delay.asm.o                                  0     15      0
  string_util.asm.o                            0     78      0
  other                                      256      2      0

*********************************************************************************************
SECTION USE IN OBJECT-ALLOCATION SECTION
---------------------------------------------------------------------------------------------
SECTION: ".text"
  IMAX 
SECTION: ".data"
  zahl zahl2 string2 copytarget 
SECTION: ".init"
  main Entry loop delay_500ms waitO waitI add2zahlen string_durchlauf 
  string_durchlauf2 return to_upper copy_string return_copy copy_string_stack 
  loop return_copy_stack 
SECTION: ".const"
  string 

*********************************************************************************************
OBJECT LIST SORTED BY ADDRESS
     Name                                      Addr   hSize   dSize     Ref    Section   RLIB
---------------------------------------------------------------------------------------------
     IMAX                                       800       0       0       2   .text       
     zahl                                      1000       2       2       2   .data       
     zahl2                                     1002       2       2       2   .data       
     string2                                   1004       E      14       0   .data       
     copytarget                                1012      10      16       3   .data       
     main                                      C000       0       0       0   .init       
     Entry                                     C000      4F      79       0   .init       
     loop                                      C04F      11      17       0   .init       
     delay_500ms                               C060       3       3       1   .init       
     waitO                                     C063       3       3       0   .init       
     waitI                                     C066       7       7       0   .init       
     add2zahlen                                C06D       2       2       1   .init       
     string_durchlauf                          C06F       7       7       0   .init       
     string_durchlauf2                         C076       8       8       0   .init       
     return                                    C07E       1       1       0   .init       
     to_upper                                  C07F      16      22       1   .init       
     copy_string                               C095       C      12       1   .init       
     return_copy                               C0A1       5       5       0   .init       
     copy_string_stack                         C0A6       4       4       1   .init       
     loop                                      C0AA       C      12       0   .init       
     return_copy_stack                         C0B6       7       7       0   .init       
     string                                    C0BD       F      15       2   .const      

*********************************************************************************************
UNUSED-OBJECTS SECTION
---------------------------------------------------------------------------------------------

*********************************************************************************************
COPYDOWN SECTION
---------------------------------------------------------------------------------------------

*********************************************************************************************
OBJECT-DEPENDENCIES SECTION
---------------------------------------------------------------------------------------------
Entry                     USES __SEG_END_SSTACK zahl zahl2 string copytarget 
                                copy_string copy_string_stack to_upper 
loop                      USES zahl zahl2 add2zahlen delay_500ms 
delay_500ms               USES IMAX 
waitO                     USES IMAX 

*********************************************************************************************
DEPENDENCY TREE
*********************************************************************************************
 main and _Startup Group
 | 
 +- main                
 |    
 +- Entry               
    | 
    +- copy_string         
    |    
    +- copy_string_stack   
    |    
    +- to_upper            
         
*********************************************************************************************
STATISTIC SECTION
---------------------------------------------------------------------------------------------

ExeFile:
--------
Number of blocks to be downloaded: 3
Total size of all blocks to be downloaded: 206

